Open Watcom Linker Version 1.9
Portions Copyright (c) 1985-2002 Sybase, Inc. All Rights Reserved.
Created on:       25/09/28 18:59:25
Executable Image: tftp.exe
creating a DOS executable


                        +------------+
                        |   Groups   |
                        +------------+

Group                           Address              Size
=====                           =======              ====

DGROUP                          0000:0000            00000000



                        +--------------+
                        |   Segments   |
                        +--------------+

Segment                Class          Group          Address         Size
=======                =====          =====          =======         ====

tftp_TEXT              CODE           AUTO           0000:0000       00000000
CONST                  DATA           DGROUP         0000:0000       00000000
CONST2                 DATA           DGROUP         0000:0000       00000000
_DATA                  DATA           DGROUP         0000:0000       00000000


                        +----------------+
                        |   Memory Map   |
                        +----------------+

* = unreferenced symbol
+ = symbol only referenced locally

Address        Symbol
=======        ======



                        +---------------------+
                        |   Module Segments   |
                        +---------------------+

! = 32-bit segment
c = initialized communal data

Module          Segment               Class           Address         Size
======          =======               =====           =======         ====

C:\Z\FDNPKG16\SRC\WATT32\SRC\tftp.c
                CONST                 DATA           0000:0000        00000000
                CONST2                DATA           0000:0000        00000000
                _DATA                 DATA           0000:0000        00000000
Warning! W1014: stack segment not found
Warning! W1023: no starting address found, using 0000:0000


                        +--------------------+
                        |   Libraries Used   |
                        +--------------------+



                        +-----------------------+
                        |   Linker Statistics   |
                        +-----------------------+

Stack size:  2800 (10240.)
Memory size:  0000 (0.)
Entry point address: 0000:0000
Link time: 00:00.55
